npm warn deprecated node-domexception@1.0.0: Use your platform's native DOMException instead
npm warn deprecated tar@6.2.1: Old versions of tar are not supported, and contain widely publicized security vulnerabilities, which have been fixed in the current version. Please update. Support for old versions may be purchased (at exorbitant rates) by contacting i@izs.me
npm warn deprecated json-ptr@3.1.1: Package no longer supported. Contact Support at https://www.npmjs.com/support for more info.
npm warn deprecated uuid@9.0.1: uuid@10 and below is no longer supported.  For ESM codebases, update to uuid@latest.  For CommonJS codebases, use uuid@11 (but be aware this version will likely be deprecated in 2028).
npm warn deprecated uuid@9.0.1: uuid@10 and below is no longer supported.  For ESM codebases, update to uuid@latest.  For CommonJS codebases, use uuid@11 (but be aware this version will likely be deprecated in 2028).
npm warn deprecated uuid@9.0.1: uuid@10 and below is no longer supported.  For ESM codebases, update to uuid@latest.  For CommonJS codebases, use uuid@11 (but be aware this version will likely be deprecated in 2028).
npm warn deprecated uuid@8.3.2: uuid@10 and below is no longer supported.  For ESM codebases, update to uuid@latest.  For CommonJS codebases, use uuid@11 (but be aware this version will likely be deprecated in 2028).
npm warn deprecated glob@10.5.0: Old versions of glob are not supported, and contain widely publicized security vulnerabilities, which have been fixed in the current version. Please update. Support for old versions may be purchased (at exorbitant rates) by contacting i@izs.me

[1m[37m===[39m Deploying to 'kingdom-strategy'...[22m

[36m[1mi [22m[39m deploying [1mfirestore, functions[22m
[36m[1mi  cloud.firestore:[22m[39m checking [1mfirestore.rules[22m for compilation errors...
[32m[1m✔  cloud.firestore:[22m[39m rules file [1mfirestore.rules[22m compiled successfully
[36m[1mi  functions:[22m[39m preparing codebase [1mdefault[22m for deployment
[36m[1mi  functions:[22m[39m ensuring required API [1mcloudfunctions.googleapis.com[22m is enabled...
[36m[1mi  functions:[22m[39m ensuring required API [1mcloudbuild.googleapis.com[22m is enabled...
[36m[1mi  artifactregistry:[22m[39m ensuring required API [1martifactregistry.googleapis.com[22m is enabled...
[33m[1m⚠  functions:[22m[39m missing required API [1mcloudbuild.googleapis.com[22m. Enabling now...
[33m[1m⚠  functions:[22m[39m missing required API [1mcloudfunctions.googleapis.com[22m. Enabling now...
[33m[1m⚠  artifactregistry:[22m[39m missing required API [1martifactregistry.googleapis.com[22m. Enabling now...

[1m[31mError:[39m[22m Your project [1mkingdom-strategy[22m must be on the Blaze (pay-as-you-go) plan to complete this command. Required API [1mcloudbuild.googleapis.com[22m can't be enabled until the upgrade is complete. To upgrade, visit the following URL:

https://console.firebase.google.com/project/kingdom-strategy/usage/details
